[duereview.readyplanet.site/index.html]
[backblue.gif]
[fade.gif]
[index.html]
[duereview.readyplanet.site/images/favicons/favicon9b21.png]
[duereview.readyplanet.site/images/favicons/favicon609b21.png]
[duereview.readyplanet.site/images/favicons/favicon769b21.png]
[duereview.readyplanet.site/images/favicons/favicon1209b21.png]
[duereview.readyplanet.site/images/favicons/favicon1529b21.png]
[duereview.readyplanet.site/modules/flexi/fonts/kanit-webfont.ttf]
[duereview.readyplanet.site/modules/flexi/fonts/kanit-webfontd41d.eot]
[duereview.readyplanet.site/modules/flexi/fonts/kanit-webfont.woff]
[duereview.readyplanet.site/modules/flexi/fonts/rsu_regular-webfont.ttf]
[duereview.readyplanet.site/modules/flexi/fonts/rsu_regular-webfontd41d.eot]
[duereview.readyplanet.site/modules/flexi/fonts/rsu_regular-webfont.woff]
[duereview.readyplanet.site/modules/helper/PIE/PIE.htc]
[duereview.readyplanet.site/modules/flexi/images/readyplanet_search_engine.gif]
[duereview.readyplanet.site/modules/flexi/fonts/db-adman-x-webfont.ttf]
[duereview.readyplanet.site/modules/flexi/fonts/db-adman-x-webfontd41d.eot]
[duereview.readyplanet.site/modules/flexi/fonts/db-adman-x-webfont.woff]
[duereview.readyplanet.site/modules/flexi/fonts/db-adman-x-bd-webfont.ttf]
[duereview.readyplanet.site/modules/flexi/fonts/db-adman-x-bd-webfontd41d.eot]
[duereview.readyplanet.site/modules/flexi/fonts/db-adman-x-bd-webfont.woff]
[duereview.readyplanet.site/modules/flexi/js/jquery-ui/css/jquery-ui-1.11.0.stable.min.css]
[duereview.readyplanet.site/modules/flexi/js/jquery-ui/css/jquery-ui-1.11.0.stable.structure.min.css]
[duereview.readyplanet.site/modules/flexi/js/jquery-ui/css/jquery-ui-1.11.0.stable.theme.min.css]
[duereview.readyplanet.site/modules/flexi/js/jquery.colorbox/colorbox.min.css]
[duereview.readyplanet.site/modules/flexi/js/jquery.qtip/jquery.qtip-2.2.0.min.css]
[duereview.readyplanet.site/modules/flexi/js/jquery.mCustomScrollbar/css/jquery.mCustomScrollbar.css]
[duereview.readyplanet.site/modules/flexi/css/font-awesome-4.7.0/css/font-awesome.min.css]
[duereview.readyplanet.site/modules/flexi/css/fontello/css/fontello.css]
[duereview.readyplanet.site/modules/flexi/js/jquery.simplePagination/simplePagination.css]
[duereview.readyplanet.site/modules/flexi/js/jquery.dropdown/jquery.dropdown.min.css]
[duereview.readyplanet.site/modules/flexi/js/jquery.tosrus/css/jquery.tosrus.all.css]
[duereview.readyplanet.site/modules/flexi/css/flag-icon-css/css/flag-icon.min.css]
[duereview.readyplanet.site/modules/flexi/js/jquery.lightbox2/dist/css/lightbox.min5e03.css]
[duereview.readyplanet.site/modules/flexi/css/always5e03.css]
[duereview.readyplanet.site/modules/flexi/images/add-button.png]
[duereview.readyplanet.site/modules/flexi/images/select-white.png]
[duereview.readyplanet.site/modules/flexi/images/trash-icon.png]
[duereview.readyplanet.site/modules/flexi/css/no-sidebar5e03.css]
[duereview.readyplanet.site/modules/flexi/css/no-logo5e03.css]
[duereview.readyplanet.site/modules/flexi/ready_template/dynamic_css/dynamic_cssdef5.css]
[duereview.readyplanet.site/modules/flexi/css/media-query5e03.css]
[duereview.readyplanet.site/modules/flexi/css/full-wrapper-width5e03.css]
[duereview.readyplanet.site/modules/flexi/js/velaeasy/i18n/vi.js]
[cdnjs.cloudflare.com/ajax/libs/jqueryui-touch-punch/0.2.2/jquery.ui.touch-punch.min.js]
[cdnjs.cloudflare.com/ajax/libs/jquery.colorbox/1.4.33/jquery.colorbox-min.js]
[cdnjs.cloudflare.com/ajax/libs/jquery/1.10.2/jquery.min.js]
[cdnjs.cloudflare.com/ajax/libs/qtip2/2.2.0/jquery.qtip.min.js]
[cdnjs.cloudflare.com/ajax/libs/jqueryui/1.11.0/jquery-ui.min.js]
[duereview.readyplanet.site/modules/flexi/js/jquery.browser/jquery.browser.min.js]
[duereview.readyplanet.site/modules/flexi/js/jquery.tosrus/jquery.tosrus.min.all.js]
[duereview.readyplanet.site/modules/flexi/js/jquery.lightbox2/dist/js/lightbox.min.js]
[duereview.readyplanet.site/modules/flexi/js/jquery.base64/jquery.base64.min.js]
[duereview.readyplanet.site/modules/flexi/js/jquery.mCustomScrollbar/jquery.mCustomScrollbar.concat.min.js]
[duereview.readyplanet.site/modules/flexi/js/jquery.simplePagination/jquery.simplePagination.js]
[duereview.readyplanet.site/modules/flexi/js/punycode-js/punycode.min.js]
[duereview.readyplanet.site/modules/flexi/js/sprintf/sprintf-0.6.min.js]
[duereview.readyplanet.site/modules/flexi/js/lazysizes/lazysizes.min.js]
[duereview.readyplanet.site/modules/flexi/js/jquery.dropdown/jquery.dropdown.min.js]
[duereview.readyplanet.site/modules/flexi/js/velaeasy/always.min5e03.js]
[www.google.com/recaptcha/apic959.js]
[duereview.readyplanet.site/modules/flexi/images/ajax-loading.gif]
[duereview.readyplanet.site/17473997/giới-thiệu.html]
[duereview.readyplanet.site/17473999/dịch-vụ.html]
[duereview.readyplanet.site/17474000/bài-viết.html]
[duereview.readyplanet.site/category/95538.html]
[duereview.readyplanet.site/modules/flexi/images/ReadyPlanet_Logo.png]
[duereview.readyplanet.site/images/logo/medium-1581925981957.jpg]
[duereview.readyplanet.site/images/ready-template/crop-1581926363216.jpg]
[duereview.readyplanet.site/images/ready-template/crop-1581926505254.jpg]
[duereview.readyplanet.site/images/ready-template/crop-1581926658626.jpg]
[duereview.readyplanet.site/modules/flexi/ready_template/images/section-images/section16-theme43-background.png]
[duereview.readyplanet.site/images/ready-template/crop-1581926901542.jpg]
[duereview.readyplanet.site/modules/flexi/images/1x1.png]
[duereview.readyplanet.site/images/editor/53468093_2245200972203589_1295337775419097088_o.jpg]
[duereview.readyplanet.site/modules/flexi/images/powered-by-v3.png]
[rwidget.readyplanet.com/widget/widget.min6407.js]
[duereview.readyplanet.site/index.html]
[api-rmp.readyplanet.com/js/rmp-widget.min.js]
[duereview.readyplanet.site/modules/flexi/fonts/Kanit-webfont.html]
[duereview.readyplanet.site/modules/flexi/fonts/Kanit-webfontd41d.html]
[duereview.readyplanet.site/modules/flexi/fonts/Kanit-webfont-2.html]
[duereview.readyplanet.site/modules/flexi/js/jquery-ui/css/images/animated-overlay.gif]
[duereview.readyplanet.site/modules/flexi/js/jquery-ui/css/images/ui-bg_flat_75_ffffff_40x100.png]
[duereview.readyplanet.site/modules/flexi/js/jquery-ui/css/images/ui-bg_highlight-soft_75_cccccc_1x100.png]
[duereview.readyplanet.site/modules/flexi/js/jquery-ui/css/images/ui-bg_glass_75_e6e6e6_1x400.png]
[duereview.readyplanet.site/modules/flexi/js/jquery-ui/css/images/ui-bg_glass_75_dadada_1x400.png]
[duereview.readyplanet.site/modules/flexi/js/jquery-ui/css/images/ui-bg_glass_65_ffffff_1x400.png]
[duereview.readyplanet.site/modules/flexi/js/jquery-ui/css/images/ui-bg_glass_55_fbf9ee_1x400.png]
[duereview.readyplanet.site/modules/flexi/js/jquery-ui/css/images/ui-bg_glass_95_fef1ec_1x400.png]
[duereview.readyplanet.site/modules/flexi/js/jquery-ui/css/images/ui-icons_222222_256x240.png]
[duereview.readyplanet.site/modules/flexi/js/jquery-ui/css/images/ui-icons_888888_256x240.png]
[duereview.readyplanet.site/modules/flexi/js/jquery-ui/css/images/ui-icons_454545_256x240.png]
[duereview.readyplanet.site/modules/flexi/js/jquery-ui/css/images/ui-icons_2e83ff_256x240.png]
[duereview.readyplanet.site/modules/flexi/js/jquery-ui/css/images/ui-icons_cd0a0a_256x240.png]
[duereview.readyplanet.site/modules/flexi/js/jquery-ui/css/images/ui-bg_flat_0_aaaaaa_40x100.png]
[duereview.readyplanet.site/modules/flexi/js/jquery-ui/css/jquery-ui-1.11.0.stable.min.css]
[duereview.readyplanet.site/modules/flexi/js/jquery-ui/css/jquery-ui-1.11.0.stable.structure.min.css]
[duereview.readyplanet.site/modules/flexi/js/jquery-ui/css/jquery-ui-1.11.0.stable.theme.min.css]
[duereview.readyplanet.site/modules/flexi/js/jquery.colorbox/images/loading.gif]
[duereview.readyplanet.site/modules/flexi/js/jquery.colorbox/colorbox.min.css]
[duereview.readyplanet.site/modules/flexi/js/jquery.colorbox/images/controls.png]
[duereview.readyplanet.site/modules/flexi/js/jquery.qtip/jquery.qtip-2.2.0.min.css]
[duereview.readyplanet.site/modules/flexi/js/jquery.mCustomScrollbar/css/jquery.mCustomScrollbar.css]
[duereview.readyplanet.site/modules/flexi/css/font-awesome-4.7.0/fonts/fontawesome-webfont3e6e.eot]
[duereview.readyplanet.site/modules/flexi/css/font-awesome-4.7.0/fonts/fontawesome-webfontd41d.eot]
[duereview.readyplanet.site/modules/flexi/css/font-awesome-4.7.0/fonts/fontawesome-webfont3e6e.woff2]
[duereview.readyplanet.site/modules/flexi/css/font-awesome-4.7.0/fonts/fontawesome-webfont3e6e.woff]
[duereview.readyplanet.site/modules/flexi/css/font-awesome-4.7.0/fonts/fontawesome-webfont3e6e.ttf]
[duereview.readyplanet.site/modules/flexi/css/font-awesome-4.7.0/css/font-awesome.min.css]
[duereview.readyplanet.site/modules/flexi/css/fontello/font/fontello2d13.eot]
[duereview.readyplanet.site/modules/flexi/css/fontello/font/fontello2d13.woff2]
[duereview.readyplanet.site/modules/flexi/css/fontello/font/fontello2d13.woff]
[duereview.readyplanet.site/modules/flexi/css/fontello/font/fontello2d13.ttf]
[duereview.readyplanet.site/modules/flexi/css/fontello/css/fontello.css]
[duereview.readyplanet.site/modules/flexi/js/jquery.simplePagination/simplePagination.css]
[duereview.readyplanet.site/modules/flexi/js/jquery.dropdown/jquery.dropdown.min.css]
[duereview.readyplanet.site/modules/flexi/js/jquery.tosrus/css/jquery.tosrus.all.css]
[duereview.readyplanet.site/modules/flexi/css/flag-icon-css/css/flag-icon.min.css]
[duereview.readyplanet.site/modules/flexi/js/jquery.lightbox2/dist/images/close.png]
[duereview.readyplanet.site/modules/flexi/js/jquery.lightbox2/dist/images/loading.gif]
[duereview.readyplanet.site/modules/flexi/js/jquery.lightbox2/dist/images/prev.png]
[duereview.readyplanet.site/modules/flexi/js/jquery.lightbox2/dist/images/next.png]
[duereview.readyplanet.site/modules/flexi/js/jquery.lightbox2/dist/css/lightbox.min5e03.css]
[duereview.readyplanet.site/modules/flexi/images/under-construction-bg.jpg]
[duereview.readyplanet.site/modules/flexi/images/ajax-loader-transparent.gif]
[duereview.readyplanet.site/modules/flexi/css/always5e03.css]
[duereview.readyplanet.site/modules/flexi/css/no-sidebar5e03.css]
[duereview.readyplanet.site/modules/flexi/css/no-logo5e03.css]
[duereview.readyplanet.site/modules/flexi/fonts/kanit-webfont.eot]
[duereview.readyplanet.site/modules/flexi/ready_template/fonts/Kanit-webfont.ttf]
[duereview.readyplanet.site/modules/flexi/ready_template/fonts/Kanit-webfontd41d.eot]
[duereview.readyplanet.site/modules/flexi/ready_template/fonts/Kanit-webfont.woff]
[duereview.readyplanet.site/modules/flexi/ready_template/dynamic_css/dynamic_cssdef5.css]
[duereview.readyplanet.site/modules/flexi/css/media-query5e03.css]
[duereview.readyplanet.site/modules/flexi/css/full-wrapper-width5e03.css]
[duereview.readyplanet.site/images/favicons/favicon0488.png]
[duereview.readyplanet.site/images/favicons/favicon600488.png]
[duereview.readyplanet.site/images/favicons/favicon760488.png]
[duereview.readyplanet.site/images/favicons/favicon1200488.png]
[duereview.readyplanet.site/images/favicons/favicon1520488.png]
[w54023503.readyplanet.site/images/content/original-aboutus-1.png]
[duereview.readyplanet.site/modules/flexi/ready_template/dynamic_css/dynamic_cssbfc2.css]
[duereview.readyplanet.site/images/content/original-aboutus-1.png]
[duereview.readyplanet.site/17473997/giới-thiệu.html]
[duereview.readyplanet.site/images/favicons/favicon232f.png]
[duereview.readyplanet.site/images/favicons/favicon60232f.png]
[duereview.readyplanet.site/images/favicons/favicon76232f.png]
[duereview.readyplanet.site/images/favicons/favicon120232f.png]
[duereview.readyplanet.site/images/favicons/favicon152232f.png]
[duereview.readyplanet.site/modules/flexi/ready_template/dynamic_css/dynamic_css8eaf.css]
[duereview.readyplanet.site/17473999/dịch-vụ.html]
[w54023503.readyplanet.site/images/content/original-service-image-1.jpg]
[duereview.readyplanet.site/modules/flexi/ready_template/dynamic_css/dynamic_cssbce6.css]
[duereview.readyplanet.site/images/content/original-service-image-1.jpg]
[duereview.readyplanet.site/17474000/bài-viết.html]
[duereview.readyplanet.site/modules/flexi/css/product-category5e03.css]
[duereview.readyplanet.site/modules/flexi/ready_template/dynamic_css/dynamic_cssca88.css]
[duereview.readyplanet.site/modules/flexi/js/velaeasy/product-category.min5e03.js]
[duereview.readyplanet.site/category/0.html]
[duereview.readyplanet.site/product/static-cat0Product4.html]
[duereview.readyplanet.site/product/static-cat0Product3.html]
[duereview.readyplanet.site/product/static-cat0Product2.html]
[duereview.readyplanet.site/category/95538.html]
[duereview.readyplanet.site/modules/flexi/js/jquery.mCustomScrollbar/css/mCSB_buttons.html]
[duereview.readyplanet.site/product/static-cat0Product1.html]
[duereview.readyplanet.site/modules/flexi/css/font-awesome-4.7.0/fonts/fontawesome-webfont3e6e.svg]
[duereview.readyplanet.site/modules/flexi/css/fontello/font/fontello2d13.svg]
[duereview.readyplanet.site/modules/flexi/css/flag-icon-css/flags/4x3/ad.svg]
[duereview.readyplanet.site/modules/flexi/css/flag-icon-css/flags/1x1/ad.svg]
[duereview.readyplanet.site/modules/flexi/css/flag-icon-css/flags/4x3/ae.svg]
[duereview.readyplanet.site/modules/flexi/css/flag-icon-css/flags/1x1/ae.svg]
[duereview.readyplanet.site/modules/flexi/css/flag-icon-css/flags/4x3/af.svg]
[duereview.readyplanet.site/modules/flexi/css/flag-icon-css/flags/1x1/af.svg]
[duereview.readyplanet.site/modules/flexi/css/flag-icon-css/flags/4x3/ag.svg]
[duereview.readyplanet.site/modules/flexi/css/flag-icon-css/flags/1x1/ag.svg]
[duereview.readyplanet.site/modules/flexi/css/flag-icon-css/flags/4x3/ai.svg]
[duereview.readyplanet.site/modules/flexi/css/flag-icon-css/flags/1x1/ai.svg]
[duereview.readyplanet.site/modules/flexi/css/flag-icon-css/flags/4x3/al.svg]
[duereview.readyplanet.site/modules/flexi/css/flag-icon-css/flags/1x1/al.svg]
[duereview.readyplanet.site/modules/flexi/css/flag-icon-css/flags/4x3/am.svg]
[duereview.readyplanet.site/modules/flexi/css/flag-icon-css/flags/1x1/am.svg]
[duereview.readyplanet.site/modules/flexi/css/flag-icon-css/flags/4x3/ao.svg]
[duereview.readyplanet.site/modules/flexi/css/flag-icon-css/flags/1x1/ao.svg]
[duereview.readyplanet.site/modules/flexi/css/flag-icon-css/flags/4x3/aq.svg]
[duereview.readyplanet.site/modules/flexi/css/flag-icon-css/flags/1x1/aq.svg]
[duereview.readyplanet.site/modules/flexi/css/flag-icon-css/flags/4x3/ar.svg]
[duereview.readyplanet.site/modules/flexi/css/flag-icon-css/flags/1x1/ar.svg]
[duereview.readyplanet.site/modules/flexi/css/flag-icon-css/flags/4x3/as.svg]
[duereview.readyplanet.site/modules/flexi/css/flag-icon-css/flags/1x1/as.svg]
[duereview.readyplanet.site/modules/flexi/css/flag-icon-css/flags/4x3/at.svg]
[duereview.readyplanet.site/modules/flexi/css/flag-icon-css/flags/1x1/at.svg]
[duereview.readyplanet.site/modules/flexi/css/flag-icon-css/flags/4x3/au.svg]
[duereview.readyplanet.site/modules/flexi/css/flag-icon-css/flags/1x1/au.svg]
[duereview.readyplanet.site/modules/flexi/css/flag-icon-css/flags/4x3/aw.svg]
[duereview.readyplanet.site/modules/flexi/css/flag-icon-css/flags/1x1/aw.svg]
[duereview.readyplanet.site/modules/flexi/css/flag-icon-css/flags/4x3/ax.svg]
[duereview.readyplanet.site/modules/flexi/css/flag-icon-css/flags/1x1/ax.svg]
[duereview.readyplanet.site/modules/flexi/css/flag-icon-css/flags/4x3/az.svg]
[duereview.readyplanet.site/modules/flexi/css/flag-icon-css/flags/1x1/az.svg]
[duereview.readyplanet.site/modules/flexi/css/flag-icon-css/flags/4x3/ba.svg]
[duereview.readyplanet.site/modules/flexi/css/flag-icon-css/flags/1x1/ba.svg]
[duereview.readyplanet.site/modules/flexi/css/flag-icon-css/flags/4x3/bb.svg]
[duereview.readyplanet.site/modules/flexi/css/flag-icon-css/flags/1x1/bb.svg]
[duereview.readyplanet.site/modules/flexi/css/flag-icon-css/flags/4x3/bd.svg]
[duereview.readyplanet.site/modules/flexi/css/flag-icon-css/flags/1x1/bd.svg]
[duereview.readyplanet.site/modules/flexi/css/flag-icon-css/flags/4x3/be.svg]
[duereview.readyplanet.site/modules/flexi/css/flag-icon-css/flags/1x1/be.svg]
[duereview.readyplanet.site/modules/flexi/css/flag-icon-css/flags/4x3/bf.svg]
[duereview.readyplanet.site/modules/flexi/css/flag-icon-css/flags/1x1/bf.svg]
[duereview.readyplanet.site/modules/flexi/css/flag-icon-css/flags/4x3/bg.svg]
[duereview.readyplanet.site/modules/flexi/css/flag-icon-css/flags/1x1/bg.svg]
[duereview.readyplanet.site/modules/flexi/css/flag-icon-css/flags/4x3/bh.svg]
[duereview.readyplanet.site/modules/flexi/css/flag-icon-css/flags/1x1/bh.svg]
[duereview.readyplanet.site/modules/flexi/css/flag-icon-css/flags/4x3/bi.svg]
[duereview.readyplanet.site/modules/flexi/css/flag-icon-css/flags/1x1/bi.svg]
[duereview.readyplanet.site/modules/flexi/css/flag-icon-css/flags/4x3/bj.svg]
[duereview.readyplanet.site/modules/flexi/css/flag-icon-css/flags/1x1/bj.svg]
[duereview.readyplanet.site/modules/flexi/css/flag-icon-css/flags/4x3/bl.svg]
[duereview.readyplanet.site/modules/flexi/css/flag-icon-css/flags/1x1/bl.svg]
[duereview.readyplanet.site/modules/flexi/css/flag-icon-css/flags/4x3/bm.svg]
[duereview.readyplanet.site/modules/flexi/css/flag-icon-css/flags/1x1/bm.svg]
[duereview.readyplanet.site/modules/flexi/css/flag-icon-css/flags/4x3/bn.svg]
[duereview.readyplanet.site/modules/flexi/css/flag-icon-css/flags/1x1/bn.svg]
[duereview.readyplanet.site/modules/flexi/css/flag-icon-css/flags/4x3/bo.svg]
[duereview.readyplanet.site/modules/flexi/css/flag-icon-css/flags/1x1/bo.svg]
[duereview.readyplanet.site/modules/flexi/css/flag-icon-css/flags/4x3/bq.svg]
[duereview.readyplanet.site/modules/flexi/css/flag-icon-css/flags/1x1/bq.svg]
[duereview.readyplanet.site/modules/flexi/css/flag-icon-css/flags/4x3/br.svg]
[duereview.readyplanet.site/modules/flexi/css/flag-icon-css/flags/1x1/br.svg]
[duereview.readyplanet.site/modules/flexi/css/flag-icon-css/flags/4x3/bs.svg]
[duereview.readyplanet.site/modules/flexi/css/flag-icon-css/flags/1x1/bs.svg]
[duereview.readyplanet.site/modules/flexi/css/flag-icon-css/flags/4x3/bt.svg]
[duereview.readyplanet.site/modules/flexi/css/flag-icon-css/flags/1x1/bt.svg]
[duereview.readyplanet.site/modules/flexi/css/flag-icon-css/flags/4x3/bv.svg]
[duereview.readyplanet.site/modules/flexi/css/flag-icon-css/flags/1x1/bv.svg]
[duereview.readyplanet.site/modules/flexi/css/flag-icon-css/flags/4x3/bw.svg]
[duereview.readyplanet.site/modules/flexi/css/flag-icon-css/flags/1x1/bw.svg]
[duereview.readyplanet.site/modules/flexi/css/flag-icon-css/flags/4x3/by.svg]
[duereview.readyplanet.site/modules/flexi/css/flag-icon-css/flags/1x1/by.svg]
[duereview.readyplanet.site/modules/flexi/css/flag-icon-css/flags/4x3/bz.svg]
[duereview.readyplanet.site/modules/flexi/css/flag-icon-css/flags/1x1/bz.svg]
[duereview.readyplanet.site/modules/flexi/css/flag-icon-css/flags/4x3/ca.svg]
[duereview.readyplanet.site/modules/flexi/css/flag-icon-css/flags/1x1/ca.svg]
[duereview.readyplanet.site/modules/flexi/css/flag-icon-css/flags/4x3/cc.svg]
[duereview.readyplanet.site/modules/flexi/css/flag-icon-css/flags/1x1/cc.svg]
[duereview.readyplanet.site/modules/flexi/css/flag-icon-css/flags/4x3/cd.svg]
[duereview.readyplanet.site/modules/flexi/css/flag-icon-css/flags/1x1/cd.svg]
[duereview.readyplanet.site/modules/flexi/css/flag-icon-css/flags/4x3/cf.svg]
[duereview.readyplanet.site/modules/flexi/css/flag-icon-css/flags/1x1/cf.svg]
[duereview.readyplanet.site/modules/flexi/css/flag-icon-css/flags/4x3/cg.svg]
[duereview.readyplanet.site/modules/flexi/css/flag-icon-css/flags/1x1/cg.svg]
[duereview.readyplanet.site/modules/flexi/css/flag-icon-css/flags/4x3/ch.svg]
[duereview.readyplanet.site/modules/flexi/css/flag-icon-css/flags/1x1/ch.svg]
[duereview.readyplanet.site/modules/flexi/css/flag-icon-css/flags/4x3/ci.svg]
[duereview.readyplanet.site/modules/flexi/css/flag-icon-css/flags/1x1/ci.svg]
[duereview.readyplanet.site/modules/flexi/css/flag-icon-css/flags/4x3/ck.svg]
[duereview.readyplanet.site/modules/flexi/css/flag-icon-css/flags/1x1/ck.svg]
[duereview.readyplanet.site/modules/flexi/css/flag-icon-css/flags/4x3/cl.svg]
[duereview.readyplanet.site/modules/flexi/css/flag-icon-css/flags/1x1/cl.svg]
[duereview.readyplanet.site/modules/flexi/css/flag-icon-css/flags/4x3/cm.svg]
[duereview.readyplanet.site/modules/flexi/css/flag-icon-css/flags/1x1/cm.svg]
[duereview.readyplanet.site/modules/flexi/css/flag-icon-css/flags/4x3/cn.svg]
[duereview.readyplanet.site/modules/flexi/css/flag-icon-css/flags/1x1/cn.svg]
[duereview.readyplanet.site/modules/flexi/css/flag-icon-css/flags/4x3/co.svg]
[duereview.readyplanet.site/modules/flexi/css/flag-icon-css/flags/1x1/co.svg]
[duereview.readyplanet.site/modules/flexi/css/flag-icon-css/flags/4x3/cr.svg]
[duereview.readyplanet.site/modules/flexi/css/flag-icon-css/flags/1x1/cr.svg]
[duereview.readyplanet.site/modules/flexi/css/flag-icon-css/flags/4x3/cu.svg]
[duereview.readyplanet.site/modules/flexi/css/flag-icon-css/flags/1x1/cu.svg]
[duereview.readyplanet.site/modules/flexi/css/flag-icon-css/flags/4x3/cv.svg]
[duereview.readyplanet.site/modules/flexi/css/flag-icon-css/flags/1x1/cv.svg]
[duereview.readyplanet.site/modules/flexi/css/flag-icon-css/flags/4x3/cw.svg]
[duereview.readyplanet.site/modules/flexi/css/flag-icon-css/flags/1x1/cw.svg]
[duereview.readyplanet.site/modules/flexi/css/flag-icon-css/flags/4x3/cx.svg]
[duereview.readyplanet.site/modules/flexi/css/flag-icon-css/flags/1x1/cx.svg]
[duereview.readyplanet.site/modules/flexi/css/flag-icon-css/flags/4x3/cy.svg]
[duereview.readyplanet.site/modules/flexi/css/flag-icon-css/flags/1x1/cy.svg]
[duereview.readyplanet.site/modules/flexi/css/flag-icon-css/flags/4x3/cz.svg]
[duereview.readyplanet.site/modules/flexi/css/flag-icon-css/flags/1x1/cz.svg]
[duereview.readyplanet.site/modules/flexi/css/flag-icon-css/flags/4x3/de.svg]
[duereview.readyplanet.site/modules/flexi/css/flag-icon-css/flags/1x1/de.svg]
[duereview.readyplanet.site/modules/flexi/css/flag-icon-css/flags/4x3/dj.svg]
[duereview.readyplanet.site/modules/flexi/css/flag-icon-css/flags/1x1/dj.svg]
[duereview.readyplanet.site/modules/flexi/css/flag-icon-css/flags/4x3/dk.svg]
[duereview.readyplanet.site/modules/flexi/css/flag-icon-css/flags/1x1/dk.svg]
[duereview.readyplanet.site/modules/flexi/css/flag-icon-css/flags/4x3/dm.svg]
[duereview.readyplanet.site/modules/flexi/css/flag-icon-css/flags/1x1/dm.svg]
[duereview.readyplanet.site/modules/flexi/css/flag-icon-css/flags/4x3/do.svg]
[duereview.readyplanet.site/modules/flexi/css/flag-icon-css/flags/1x1/do.svg]
[duereview.readyplanet.site/modules/flexi/css/flag-icon-css/flags/4x3/dz.svg]
[duereview.readyplanet.site/modules/flexi/css/flag-icon-css/flags/1x1/dz.svg]
[duereview.readyplanet.site/modules/flexi/css/flag-icon-css/flags/4x3/ec.svg]
[duereview.readyplanet.site/modules/flexi/css/flag-icon-css/flags/1x1/ec.svg]
[duereview.readyplanet.site/modules/flexi/css/flag-icon-css/flags/4x3/ee.svg]
[duereview.readyplanet.site/modules/flexi/css/flag-icon-css/flags/1x1/ee.svg]
[duereview.readyplanet.site/modules/flexi/css/flag-icon-css/flags/4x3/eg.svg]
[duereview.readyplanet.site/modules/flexi/css/flag-icon-css/flags/1x1/eg.svg]
[duereview.readyplanet.site/modules/flexi/css/flag-icon-css/flags/4x3/eh.svg]
[duereview.readyplanet.site/modules/flexi/css/flag-icon-css/flags/1x1/eh.svg]
[duereview.readyplanet.site/modules/flexi/css/flag-icon-css/flags/4x3/er.svg]
[duereview.readyplanet.site/modules/flexi/css/flag-icon-css/flags/1x1/er.svg]
[duereview.readyplanet.site/modules/flexi/css/flag-icon-css/flags/4x3/es.svg]
[duereview.readyplanet.site/modules/flexi/css/flag-icon-css/flags/1x1/es.svg]
[duereview.readyplanet.site/modules/flexi/css/flag-icon-css/flags/4x3/et.svg]
[duereview.readyplanet.site/modules/flexi/css/flag-icon-css/flags/1x1/et.svg]
[duereview.readyplanet.site/modules/flexi/css/flag-icon-css/flags/4x3/fi.svg]
[duereview.readyplanet.site/modules/flexi/css/flag-icon-css/flags/1x1/fi.svg]
[duereview.readyplanet.site/modules/flexi/css/flag-icon-css/flags/4x3/fj.svg]
[duereview.readyplanet.site/modules/flexi/css/flag-icon-css/flags/1x1/fj.svg]
[duereview.readyplanet.site/modules/flexi/css/flag-icon-css/flags/4x3/fk.svg]
[duereview.readyplanet.site/modules/flexi/css/flag-icon-css/flags/1x1/fk.svg]
[duereview.readyplanet.site/modules/flexi/css/flag-icon-css/flags/4x3/fm.svg]
[duereview.readyplanet.site/modules/flexi/css/flag-icon-css/flags/1x1/fm.svg]
[duereview.readyplanet.site/modules/flexi/css/flag-icon-css/flags/4x3/fo.svg]
[duereview.readyplanet.site/modules/flexi/css/flag-icon-css/flags/1x1/fo.svg]
[duereview.readyplanet.site/modules/flexi/css/flag-icon-css/flags/4x3/fr.svg]
[duereview.readyplanet.site/modules/flexi/css/flag-icon-css/flags/1x1/fr.svg]
[duereview.readyplanet.site/modules/flexi/css/flag-icon-css/flags/4x3/ga.svg]
[duereview.readyplanet.site/modules/flexi/css/flag-icon-css/flags/1x1/ga.svg]
[duereview.readyplanet.site/modules/flexi/css/flag-icon-css/flags/4x3/gb.svg]
[duereview.readyplanet.site/modules/flexi/css/flag-icon-css/flags/1x1/gb.svg]
[duereview.readyplanet.site/modules/flexi/css/flag-icon-css/flags/4x3/gd.svg]
[duereview.readyplanet.site/modules/flexi/css/flag-icon-css/flags/1x1/gd.svg]
[duereview.readyplanet.site/modules/flexi/css/flag-icon-css/flags/4x3/ge.svg]
[duereview.readyplanet.site/modules/flexi/css/flag-icon-css/flags/1x1/ge.svg]
[duereview.readyplanet.site/modules/flexi/css/flag-icon-css/flags/4x3/gf.svg]
[duereview.readyplanet.site/modules/flexi/css/flag-icon-css/flags/1x1/gf.svg]
[duereview.readyplanet.site/modules/flexi/css/flag-icon-css/flags/4x3/gg.svg]
[duereview.readyplanet.site/modules/flexi/css/flag-icon-css/flags/1x1/gg.svg]
[duereview.readyplanet.site/modules/flexi/css/flag-icon-css/flags/4x3/gh.svg]
[duereview.readyplanet.site/modules/flexi/css/flag-icon-css/flags/1x1/gh.svg]
[duereview.readyplanet.site/modules/flexi/css/flag-icon-css/flags/4x3/gi.svg]
[duereview.readyplanet.site/modules/flexi/css/flag-icon-css/flags/1x1/gi.svg]
[duereview.readyplanet.site/modules/flexi/css/flag-icon-css/flags/4x3/gl.svg]
[duereview.readyplanet.site/modules/flexi/css/flag-icon-css/flags/1x1/gl.svg]
[duereview.readyplanet.site/modules/flexi/css/flag-icon-css/flags/4x3/gm.svg]
[duereview.readyplanet.site/modules/flexi/css/flag-icon-css/flags/1x1/gm.svg]
[duereview.readyplanet.site/modules/flexi/css/flag-icon-css/flags/4x3/gn.svg]
[duereview.readyplanet.site/modules/flexi/css/flag-icon-css/flags/1x1/gn.svg]
[duereview.readyplanet.site/modules/flexi/css/flag-icon-css/flags/4x3/gp.svg]
[duereview.readyplanet.site/modules/flexi/css/flag-icon-css/flags/1x1/gp.svg]
[duereview.readyplanet.site/modules/flexi/css/flag-icon-css/flags/4x3/gq.svg]
[duereview.readyplanet.site/modules/flexi/css/flag-icon-css/flags/1x1/gq.svg]
[duereview.readyplanet.site/modules/flexi/css/flag-icon-css/flags/4x3/gr.svg]
[duereview.readyplanet.site/modules/flexi/css/flag-icon-css/flags/1x1/gr.svg]
[duereview.readyplanet.site/modules/flexi/css/flag-icon-css/flags/4x3/gs.svg]
[duereview.readyplanet.site/modules/flexi/css/flag-icon-css/flags/1x1/gs.svg]
[duereview.readyplanet.site/modules/flexi/css/flag-icon-css/flags/4x3/gt.svg]
[duereview.readyplanet.site/modules/flexi/css/flag-icon-css/flags/1x1/gt.svg]
[duereview.readyplanet.site/modules/flexi/css/flag-icon-css/flags/4x3/gu.svg]
[duereview.readyplanet.site/modules/flexi/css/flag-icon-css/flags/1x1/gu.svg]
[duereview.readyplanet.site/modules/flexi/css/flag-icon-css/flags/4x3/gw.svg]
[duereview.readyplanet.site/modules/flexi/css/flag-icon-css/flags/1x1/gw.svg]
[duereview.readyplanet.site/modules/flexi/css/flag-icon-css/flags/4x3/gy.svg]
[duereview.readyplanet.site/modules/flexi/css/flag-icon-css/flags/1x1/gy.svg]
[duereview.readyplanet.site/modules/flexi/css/flag-icon-css/flags/4x3/hk.svg]
[duereview.readyplanet.site/modules/flexi/css/flag-icon-css/flags/1x1/hk.svg]
[duereview.readyplanet.site/modules/flexi/css/flag-icon-css/flags/4x3/hm.svg]
[duereview.readyplanet.site/modules/flexi/css/flag-icon-css/flags/1x1/hm.svg]
[duereview.readyplanet.site/modules/flexi/css/flag-icon-css/flags/4x3/hn.svg]
[duereview.readyplanet.site/modules/flexi/css/flag-icon-css/flags/1x1/hn.svg]
[duereview.readyplanet.site/modules/flexi/css/flag-icon-css/flags/4x3/hr.svg]
[duereview.readyplanet.site/modules/flexi/css/flag-icon-css/flags/1x1/hr.svg]
[duereview.readyplanet.site/modules/flexi/css/flag-icon-css/flags/4x3/ht.svg]
[duereview.readyplanet.site/modules/flexi/css/flag-icon-css/flags/1x1/ht.svg]
[duereview.readyplanet.site/modules/flexi/css/flag-icon-css/flags/4x3/hu.svg]
[duereview.readyplanet.site/modules/flexi/css/flag-icon-css/flags/1x1/hu.svg]
[duereview.readyplanet.site/modules/flexi/css/flag-icon-css/flags/4x3/id.svg]
[duereview.readyplanet.site/modules/flexi/css/flag-icon-css/flags/1x1/id.svg]
[duereview.readyplanet.site/modules/flexi/css/flag-icon-css/flags/4x3/ie.svg]
[duereview.readyplanet.site/modules/flexi/css/flag-icon-css/flags/1x1/ie.svg]
[duereview.readyplanet.site/modules/flexi/css/flag-icon-css/flags/4x3/il.svg]
[duereview.readyplanet.site/modules/flexi/css/flag-icon-css/flags/1x1/il.svg]
[duereview.readyplanet.site/modules/flexi/css/flag-icon-css/flags/4x3/im.svg]
[duereview.readyplanet.site/modules/flexi/css/flag-icon-css/flags/1x1/im.svg]
[duereview.readyplanet.site/modules/flexi/css/flag-icon-css/flags/4x3/in.svg]
[duereview.readyplanet.site/modules/flexi/css/flag-icon-css/flags/1x1/in.svg]
[duereview.readyplanet.site/modules/flexi/css/flag-icon-css/flags/4x3/io.svg]
[duereview.readyplanet.site/modules/flexi/css/flag-icon-css/flags/1x1/io.svg]
[duereview.readyplanet.site/modules/flexi/css/flag-icon-css/flags/4x3/iq.svg]
[duereview.readyplanet.site/modules/flexi/css/flag-icon-css/flags/1x1/iq.svg]
[duereview.readyplanet.site/modules/flexi/css/flag-icon-css/flags/4x3/ir.svg]
[duereview.readyplanet.site/modules/flexi/css/flag-icon-css/flags/1x1/ir.svg]
[duereview.readyplanet.site/modules/flexi/css/flag-icon-css/flags/4x3/is.svg]
[duereview.readyplanet.site/modules/flexi/css/flag-icon-css/flags/1x1/is.svg]
[duereview.readyplanet.site/modules/flexi/css/flag-icon-css/flags/4x3/it.svg]
[duereview.readyplanet.site/modules/flexi/css/flag-icon-css/flags/1x1/it.svg]
[duereview.readyplanet.site/modules/flexi/css/flag-icon-css/flags/4x3/je.svg]
[duereview.readyplanet.site/modules/flexi/css/flag-icon-css/flags/1x1/je.svg]
[duereview.readyplanet.site/modules/flexi/css/flag-icon-css/flags/4x3/jm.svg]
[duereview.readyplanet.site/modules/flexi/css/flag-icon-css/flags/1x1/jm.svg]
[duereview.readyplanet.site/modules/flexi/css/flag-icon-css/flags/4x3/jo.svg]
[duereview.readyplanet.site/modules/flexi/css/flag-icon-css/flags/1x1/jo.svg]
[duereview.readyplanet.site/modules/flexi/css/flag-icon-css/flags/4x3/jp.svg]
[duereview.readyplanet.site/modules/flexi/css/flag-icon-css/flags/1x1/jp.svg]
[duereview.readyplanet.site/modules/flexi/css/flag-icon-css/flags/4x3/ke.svg]
[duereview.readyplanet.site/modules/flexi/css/flag-icon-css/flags/1x1/ke.svg]
[duereview.readyplanet.site/modules/flexi/css/flag-icon-css/flags/4x3/kg.svg]
[duereview.readyplanet.site/modules/flexi/css/flag-icon-css/flags/1x1/kg.svg]
[duereview.readyplanet.site/modules/flexi/css/flag-icon-css/flags/4x3/kh.svg]
[duereview.readyplanet.site/modules/flexi/css/flag-icon-css/flags/1x1/kh.svg]
[duereview.readyplanet.site/modules/flexi/css/flag-icon-css/flags/4x3/ki.svg]
[duereview.readyplanet.site/modules/flexi/css/flag-icon-css/flags/1x1/ki.svg]
[duereview.readyplanet.site/modules/flexi/css/flag-icon-css/flags/4x3/km.svg]
[duereview.readyplanet.site/modules/flexi/css/flag-icon-css/flags/1x1/km.svg]
[duereview.readyplanet.site/modules/flexi/css/flag-icon-css/flags/4x3/kn.svg]
[duereview.readyplanet.site/modules/flexi/css/flag-icon-css/flags/1x1/kn.svg]
[duereview.readyplanet.site/modules/flexi/css/flag-icon-css/flags/4x3/kp.svg]
[duereview.readyplanet.site/modules/flexi/css/flag-icon-css/flags/1x1/kp.svg]
[duereview.readyplanet.site/modules/flexi/css/flag-icon-css/flags/4x3/kr.svg]
[duereview.readyplanet.site/modules/flexi/css/flag-icon-css/flags/1x1/kr.svg]
[duereview.readyplanet.site/modules/flexi/css/flag-icon-css/flags/4x3/kw.svg]
[duereview.readyplanet.site/modules/flexi/css/flag-icon-css/flags/1x1/kw.svg]
[duereview.readyplanet.site/modules/flexi/css/flag-icon-css/flags/4x3/ky.svg]
[duereview.readyplanet.site/modules/flexi/css/flag-icon-css/flags/1x1/ky.svg]
[duereview.readyplanet.site/modules/flexi/css/flag-icon-css/flags/4x3/kz.svg]
[duereview.readyplanet.site/modules/flexi/css/flag-icon-css/flags/1x1/kz.svg]
[duereview.readyplanet.site/modules/flexi/css/flag-icon-css/flags/4x3/la.svg]
[duereview.readyplanet.site/modules/flexi/css/flag-icon-css/flags/1x1/la.svg]
[duereview.readyplanet.site/modules/flexi/css/flag-icon-css/flags/4x3/lb.svg]
[duereview.readyplanet.site/modules/flexi/css/flag-icon-css/flags/1x1/lb.svg]
[duereview.readyplanet.site/modules/flexi/css/flag-icon-css/flags/4x3/lc.svg]
[duereview.readyplanet.site/modules/flexi/css/flag-icon-css/flags/1x1/lc.svg]
[duereview.readyplanet.site/modules/flexi/css/flag-icon-css/flags/4x3/li.svg]
[duereview.readyplanet.site/modules/flexi/css/flag-icon-css/flags/1x1/li.svg]
[duereview.readyplanet.site/modules/flexi/css/flag-icon-css/flags/4x3/lk.svg]
[duereview.readyplanet.site/modules/flexi/css/flag-icon-css/flags/1x1/lk.svg]
[duereview.readyplanet.site/modules/flexi/css/flag-icon-css/flags/4x3/lr.svg]
[duereview.readyplanet.site/modules/flexi/css/flag-icon-css/flags/1x1/lr.svg]
[duereview.readyplanet.site/modules/flexi/css/flag-icon-css/flags/4x3/ls.svg]
[duereview.readyplanet.site/modules/flexi/css/flag-icon-css/flags/1x1/ls.svg]
[duereview.readyplanet.site/modules/flexi/css/flag-icon-css/flags/4x3/lt.svg]
[duereview.readyplanet.site/modules/flexi/css/flag-icon-css/flags/1x1/lt.svg]
[duereview.readyplanet.site/modules/flexi/css/flag-icon-css/flags/4x3/lu.svg]
[duereview.readyplanet.site/modules/flexi/css/flag-icon-css/flags/1x1/lu.svg]
[duereview.readyplanet.site/modules/flexi/css/flag-icon-css/flags/4x3/lv.svg]
[duereview.readyplanet.site/modules/flexi/css/flag-icon-css/flags/1x1/lv.svg]
[duereview.readyplanet.site/modules/flexi/css/flag-icon-css/flags/4x3/ly.svg]
[duereview.readyplanet.site/modules/flexi/css/flag-icon-css/flags/1x1/ly.svg]
[duereview.readyplanet.site/modules/flexi/css/flag-icon-css/flags/4x3/ma.svg]
[duereview.readyplanet.site/modules/flexi/css/flag-icon-css/flags/1x1/ma.svg]
[duereview.readyplanet.site/modules/flexi/css/flag-icon-css/flags/4x3/mc.svg]
[duereview.readyplanet.site/modules/flexi/css/flag-icon-css/flags/1x1/mc.svg]
[duereview.readyplanet.site/modules/flexi/css/flag-icon-css/flags/4x3/md.svg]
[duereview.readyplanet.site/modules/flexi/css/flag-icon-css/flags/1x1/md.svg]
[duereview.readyplanet.site/modules/flexi/css/flag-icon-css/flags/4x3/me.svg]
[duereview.readyplanet.site/modules/flexi/css/flag-icon-css/flags/1x1/me.svg]
[duereview.readyplanet.site/modules/flexi/css/flag-icon-css/flags/4x3/mf.svg]
[duereview.readyplanet.site/modules/flexi/css/flag-icon-css/flags/1x1/mf.svg]
[duereview.readyplanet.site/modules/flexi/css/flag-icon-css/flags/4x3/mg.svg]
[duereview.readyplanet.site/modules/flexi/css/flag-icon-css/flags/1x1/mg.svg]
[duereview.readyplanet.site/modules/flexi/css/flag-icon-css/flags/4x3/mh.svg]
[duereview.readyplanet.site/modules/flexi/css/flag-icon-css/flags/1x1/mh.svg]
[duereview.readyplanet.site/modules/flexi/css/flag-icon-css/flags/4x3/mk.svg]
[duereview.readyplanet.site/modules/flexi/css/flag-icon-css/flags/1x1/mk.svg]
[duereview.readyplanet.site/modules/flexi/css/flag-icon-css/flags/4x3/ml.svg]
[duereview.readyplanet.site/modules/flexi/css/flag-icon-css/flags/1x1/ml.svg]
[duereview.readyplanet.site/modules/flexi/css/flag-icon-css/flags/4x3/mm.svg]
[duereview.readyplanet.site/modules/flexi/css/flag-icon-css/flags/1x1/mm.svg]
[duereview.readyplanet.site/modules/flexi/css/flag-icon-css/flags/4x3/mn.svg]
[duereview.readyplanet.site/modules/flexi/css/flag-icon-css/flags/1x1/mn.svg]
[duereview.readyplanet.site/modules/flexi/css/flag-icon-css/flags/4x3/mo.svg]
[duereview.readyplanet.site/modules/flexi/css/flag-icon-css/flags/1x1/mo.svg]
[duereview.readyplanet.site/modules/flexi/css/flag-icon-css/flags/4x3/mp.svg]
[duereview.readyplanet.site/modules/flexi/css/flag-icon-css/flags/1x1/mp.svg]
[duereview.readyplanet.site/modules/flexi/css/flag-icon-css/flags/4x3/mq.svg]
[duereview.readyplanet.site/modules/flexi/css/flag-icon-css/flags/1x1/mq.svg]
[duereview.readyplanet.site/modules/flexi/css/flag-icon-css/flags/4x3/mr.svg]
[duereview.readyplanet.site/modules/flexi/css/flag-icon-css/flags/1x1/mr.svg]
[duereview.readyplanet.site/modules/flexi/css/flag-icon-css/flags/4x3/ms.svg]
[duereview.readyplanet.site/modules/flexi/css/flag-icon-css/flags/1x1/ms.svg]
[duereview.readyplanet.site/modules/flexi/css/flag-icon-css/flags/4x3/mt.svg]
[duereview.readyplanet.site/modules/flexi/css/flag-icon-css/flags/1x1/mt.svg]
[duereview.readyplanet.site/modules/flexi/css/flag-icon-css/flags/4x3/mu.svg]
[duereview.readyplanet.site/modules/flexi/css/flag-icon-css/flags/1x1/mu.svg]
[duereview.readyplanet.site/modules/flexi/css/flag-icon-css/flags/4x3/mv.svg]
[duereview.readyplanet.site/modules/flexi/css/flag-icon-css/flags/1x1/mv.svg]
[duereview.readyplanet.site/modules/flexi/css/flag-icon-css/flags/4x3/mw.svg]
[duereview.readyplanet.site/modules/flexi/css/flag-icon-css/flags/1x1/mw.svg]
[duereview.readyplanet.site/modules/flexi/css/flag-icon-css/flags/4x3/mx.svg]
[duereview.readyplanet.site/modules/flexi/css/flag-icon-css/flags/1x1/mx.svg]
[duereview.readyplanet.site/modules/flexi/css/flag-icon-css/flags/4x3/my.svg]
[duereview.readyplanet.site/modules/flexi/css/flag-icon-css/flags/1x1/my.svg]
[duereview.readyplanet.site/modules/flexi/css/flag-icon-css/flags/4x3/mz.svg]
[duereview.readyplanet.site/modules/flexi/css/flag-icon-css/flags/1x1/mz.svg]
[duereview.readyplanet.site/modules/flexi/css/flag-icon-css/flags/4x3/na.svg]
[duereview.readyplanet.site/modules/flexi/css/flag-icon-css/flags/1x1/na.svg]
[duereview.readyplanet.site/modules/flexi/css/flag-icon-css/flags/4x3/nc.svg]
[duereview.readyplanet.site/modules/flexi/css/flag-icon-css/flags/1x1/nc.svg]
[duereview.readyplanet.site/modules/flexi/css/flag-icon-css/flags/4x3/ne.svg]
[duereview.readyplanet.site/modules/flexi/css/flag-icon-css/flags/1x1/ne.svg]
[duereview.readyplanet.site/modules/flexi/css/flag-icon-css/flags/4x3/nf.svg]
[duereview.readyplanet.site/modules/flexi/css/flag-icon-css/flags/1x1/nf.svg]
[duereview.readyplanet.site/modules/flexi/css/flag-icon-css/flags/4x3/ng.svg]
[duereview.readyplanet.site/modules/flexi/css/flag-icon-css/flags/1x1/ng.svg]
[duereview.readyplanet.site/modules/flexi/css/flag-icon-css/flags/4x3/ni.svg]
[duereview.readyplanet.site/modules/flexi/css/flag-icon-css/flags/1x1/ni.svg]
[duereview.readyplanet.site/modules/flexi/css/flag-icon-css/flags/4x3/nl.svg]
[duereview.readyplanet.site/modules/flexi/css/flag-icon-css/flags/1x1/nl.svg]
[duereview.readyplanet.site/modules/flexi/css/flag-icon-css/flags/4x3/no.svg]
[duereview.readyplanet.site/modules/flexi/css/flag-icon-css/flags/1x1/no.svg]
[duereview.readyplanet.site/modules/flexi/css/flag-icon-css/flags/4x3/np.svg]
[duereview.readyplanet.site/modules/flexi/css/flag-icon-css/flags/1x1/np.svg]
[duereview.readyplanet.site/modules/flexi/css/flag-icon-css/flags/4x3/nr.svg]
[duereview.readyplanet.site/modules/flexi/css/flag-icon-css/flags/1x1/nr.svg]
[duereview.readyplanet.site/modules/flexi/css/flag-icon-css/flags/4x3/nu.svg]
[duereview.readyplanet.site/modules/flexi/css/flag-icon-css/flags/1x1/nu.svg]
[duereview.readyplanet.site/modules/flexi/css/flag-icon-css/flags/4x3/nz.svg]
[duereview.readyplanet.site/modules/flexi/css/flag-icon-css/flags/1x1/nz.svg]
[duereview.readyplanet.site/modules/flexi/css/flag-icon-css/flags/4x3/om.svg]
[duereview.readyplanet.site/modules/flexi/css/flag-icon-css/flags/1x1/om.svg]
[duereview.readyplanet.site/modules/flexi/css/flag-icon-css/flags/4x3/pa.svg]
[duereview.readyplanet.site/modules/flexi/css/flag-icon-css/flags/1x1/pa.svg]
[duereview.readyplanet.site/modules/flexi/css/flag-icon-css/flags/4x3/pe.svg]
[duereview.readyplanet.site/modules/flexi/css/flag-icon-css/flags/1x1/pe.svg]
[duereview.readyplanet.site/modules/flexi/css/flag-icon-css/flags/4x3/pf.svg]
[duereview.readyplanet.site/modules/flexi/css/flag-icon-css/flags/1x1/pf.svg]
[duereview.readyplanet.site/modules/flexi/css/flag-icon-css/flags/4x3/pg.svg]
[duereview.readyplanet.site/modules/flexi/css/flag-icon-css/flags/1x1/pg.svg]
[duereview.readyplanet.site/modules/flexi/css/flag-icon-css/flags/4x3/ph.svg]
[duereview.readyplanet.site/modules/flexi/css/flag-icon-css/flags/1x1/ph.svg]
[duereview.readyplanet.site/modules/flexi/css/flag-icon-css/flags/4x3/pk.svg]
[duereview.readyplanet.site/modules/flexi/css/flag-icon-css/flags/1x1/pk.svg]
[duereview.readyplanet.site/modules/flexi/css/flag-icon-css/flags/4x3/pl.svg]
[duereview.readyplanet.site/modules/flexi/css/flag-icon-css/flags/1x1/pl.svg]
[duereview.readyplanet.site/modules/flexi/css/flag-icon-css/flags/4x3/pm.svg]
[duereview.readyplanet.site/modules/flexi/css/flag-icon-css/flags/1x1/pm.svg]
[duereview.readyplanet.site/modules/flexi/css/flag-icon-css/flags/4x3/pn.svg]
[duereview.readyplanet.site/modules/flexi/css/flag-icon-css/flags/1x1/pn.svg]
[duereview.readyplanet.site/modules/flexi/css/flag-icon-css/flags/4x3/pr.svg]
[duereview.readyplanet.site/modules/flexi/css/flag-icon-css/flags/1x1/pr.svg]
[duereview.readyplanet.site/modules/flexi/css/flag-icon-css/flags/4x3/ps.svg]
[duereview.readyplanet.site/modules/flexi/css/flag-icon-css/flags/1x1/ps.svg]
[duereview.readyplanet.site/modules/flexi/css/flag-icon-css/flags/4x3/pt.svg]
[duereview.readyplanet.site/modules/flexi/css/flag-icon-css/flags/1x1/pt.svg]
[duereview.readyplanet.site/modules/flexi/css/flag-icon-css/flags/4x3/pw.svg]
[duereview.readyplanet.site/modules/flexi/css/flag-icon-css/flags/1x1/pw.svg]
[duereview.readyplanet.site/modules/flexi/css/flag-icon-css/flags/4x3/py.svg]
[duereview.readyplanet.site/modules/flexi/css/flag-icon-css/flags/1x1/py.svg]
[duereview.readyplanet.site/modules/flexi/css/flag-icon-css/flags/4x3/qa.svg]
[duereview.readyplanet.site/modules/flexi/css/flag-icon-css/flags/1x1/qa.svg]
[duereview.readyplanet.site/modules/flexi/css/flag-icon-css/flags/4x3/re.svg]
[duereview.readyplanet.site/modules/flexi/css/flag-icon-css/flags/1x1/re.svg]
[duereview.readyplanet.site/modules/flexi/css/flag-icon-css/flags/4x3/ro.svg]
[duereview.readyplanet.site/modules/flexi/css/flag-icon-css/flags/1x1/ro.svg]
[duereview.readyplanet.site/modules/flexi/css/flag-icon-css/flags/4x3/rs.svg]
[duereview.readyplanet.site/modules/flexi/css/flag-icon-css/flags/1x1/rs.svg]
[duereview.readyplanet.site/modules/flexi/css/flag-icon-css/flags/4x3/ru.svg]
[duereview.readyplanet.site/modules/flexi/css/flag-icon-css/flags/1x1/ru.svg]
[duereview.readyplanet.site/modules/flexi/css/flag-icon-css/flags/4x3/rw.svg]
[duereview.readyplanet.site/modules/flexi/css/flag-icon-css/flags/1x1/rw.svg]
[duereview.readyplanet.site/modules/flexi/css/flag-icon-css/flags/4x3/sa.svg]
[duereview.readyplanet.site/modules/flexi/css/flag-icon-css/flags/1x1/sa.svg]
[duereview.readyplanet.site/modules/flexi/css/flag-icon-css/flags/4x3/sb.svg]
[duereview.readyplanet.site/modules/flexi/css/flag-icon-css/flags/1x1/sb.svg]
[duereview.readyplanet.site/modules/flexi/css/flag-icon-css/flags/4x3/sc.svg]
[duereview.readyplanet.site/modules/flexi/css/flag-icon-css/flags/1x1/sc.svg]
[duereview.readyplanet.site/modules/flexi/css/flag-icon-css/flags/4x3/sd.svg]
[duereview.readyplanet.site/modules/flexi/css/flag-icon-css/flags/1x1/sd.svg]
[duereview.readyplanet.site/modules/flexi/css/flag-icon-css/flags/4x3/se.svg]
[duereview.readyplanet.site/modules/flexi/css/flag-icon-css/flags/1x1/se.svg]
[duereview.readyplanet.site/modules/flexi/css/flag-icon-css/flags/4x3/sg.svg]
[duereview.readyplanet.site/modules/flexi/css/flag-icon-css/flags/1x1/sg.svg]
[duereview.readyplanet.site/modules/flexi/css/flag-icon-css/flags/4x3/sh.svg]
[duereview.readyplanet.site/modules/flexi/css/flag-icon-css/flags/1x1/sh.svg]
[duereview.readyplanet.site/modules/flexi/css/flag-icon-css/flags/4x3/si.svg]
[duereview.readyplanet.site/modules/flexi/css/flag-icon-css/flags/1x1/si.svg]
[duereview.readyplanet.site/modules/flexi/css/flag-icon-css/flags/4x3/sj.svg]
[duereview.readyplanet.site/modules/flexi/css/flag-icon-css/flags/1x1/sj.svg]
[duereview.readyplanet.site/modules/flexi/css/flag-icon-css/flags/4x3/sk.svg]
[duereview.readyplanet.site/modules/flexi/css/flag-icon-css/flags/1x1/sk.svg]
[duereview.readyplanet.site/modules/flexi/css/flag-icon-css/flags/4x3/sl.svg]
[duereview.readyplanet.site/modules/flexi/css/flag-icon-css/flags/1x1/sl.svg]
[duereview.readyplanet.site/modules/flexi/css/flag-icon-css/flags/4x3/sm.svg]
[duereview.readyplanet.site/modules/flexi/css/flag-icon-css/flags/1x1/sm.svg]
[duereview.readyplanet.site/modules/flexi/css/flag-icon-css/flags/4x3/sn.svg]
[duereview.readyplanet.site/modules/flexi/css/flag-icon-css/flags/1x1/sn.svg]
[duereview.readyplanet.site/modules/flexi/css/flag-icon-css/flags/4x3/so.svg]
[duereview.readyplanet.site/modules/flexi/css/flag-icon-css/flags/1x1/so.svg]
[duereview.readyplanet.site/modules/flexi/css/flag-icon-css/flags/4x3/sr.svg]
[duereview.readyplanet.site/modules/flexi/css/flag-icon-css/flags/1x1/sr.svg]
[duereview.readyplanet.site/modules/flexi/css/flag-icon-css/flags/4x3/ss.svg]
[duereview.readyplanet.site/modules/flexi/css/flag-icon-css/flags/1x1/ss.svg]
[duereview.readyplanet.site/modules/flexi/css/flag-icon-css/flags/4x3/st.svg]
[duereview.readyplanet.site/modules/flexi/css/flag-icon-css/flags/1x1/st.svg]
[duereview.readyplanet.site/modules/flexi/css/flag-icon-css/flags/4x3/sv.svg]
[duereview.readyplanet.site/modules/flexi/css/flag-icon-css/flags/1x1/sv.svg]
[duereview.readyplanet.site/modules/flexi/css/flag-icon-css/flags/4x3/sx.svg]
[duereview.readyplanet.site/modules/flexi/css/flag-icon-css/flags/1x1/sx.svg]
[duereview.readyplanet.site/modules/flexi/css/flag-icon-css/flags/4x3/sy.svg]
[duereview.readyplanet.site/modules/flexi/css/flag-icon-css/flags/1x1/sy.svg]
[duereview.readyplanet.site/modules/flexi/css/flag-icon-css/flags/4x3/sz.svg]
[duereview.readyplanet.site/modules/flexi/css/flag-icon-css/flags/1x1/sz.svg]
[duereview.readyplanet.site/modules/flexi/css/flag-icon-css/flags/4x3/tc.svg]
[duereview.readyplanet.site/modules/flexi/css/flag-icon-css/flags/1x1/tc.svg]
[duereview.readyplanet.site/modules/flexi/css/flag-icon-css/flags/4x3/td.svg]
[duereview.readyplanet.site/modules/flexi/css/flag-icon-css/flags/1x1/td.svg]
[duereview.readyplanet.site/modules/flexi/css/flag-icon-css/flags/4x3/tf.svg]
[duereview.readyplanet.site/modules/flexi/css/flag-icon-css/flags/1x1/tf.svg]
[duereview.readyplanet.site/modules/flexi/css/flag-icon-css/flags/4x3/tg.svg]
[duereview.readyplanet.site/modules/flexi/css/flag-icon-css/flags/1x1/tg.svg]
[duereview.readyplanet.site/modules/flexi/css/flag-icon-css/flags/4x3/th.svg]
[duereview.readyplanet.site/modules/flexi/css/flag-icon-css/flags/1x1/th.svg]
[duereview.readyplanet.site/modules/flexi/css/flag-icon-css/flags/4x3/tj.svg]
[duereview.readyplanet.site/modules/flexi/css/flag-icon-css/flags/1x1/tj.svg]
[duereview.readyplanet.site/modules/flexi/css/flag-icon-css/flags/4x3/tk.svg]
[duereview.readyplanet.site/modules/flexi/css/flag-icon-css/flags/1x1/tk.svg]
[duereview.readyplanet.site/modules/flexi/css/flag-icon-css/flags/4x3/tl.svg]
[duereview.readyplanet.site/modules/flexi/css/flag-icon-css/flags/1x1/tl.svg]
[duereview.readyplanet.site/modules/flexi/css/flag-icon-css/flags/4x3/tm.svg]
[duereview.readyplanet.site/modules/flexi/css/flag-icon-css/flags/1x1/tm.svg]
[duereview.readyplanet.site/modules/flexi/css/flag-icon-css/flags/4x3/tn.svg]
[duereview.readyplanet.site/modules/flexi/css/flag-icon-css/flags/1x1/tn.svg]
[duereview.readyplanet.site/modules/flexi/css/flag-icon-css/flags/4x3/to.svg]
[duereview.readyplanet.site/modules/flexi/css/flag-icon-css/flags/1x1/to.svg]
[duereview.readyplanet.site/modules/flexi/css/flag-icon-css/flags/4x3/tr.svg]
[duereview.readyplanet.site/modules/flexi/css/flag-icon-css/flags/1x1/tr.svg]
[duereview.readyplanet.site/modules/flexi/css/flag-icon-css/flags/4x3/tt.svg]
[duereview.readyplanet.site/modules/flexi/css/flag-icon-css/flags/1x1/tt.svg]
[duereview.readyplanet.site/modules/flexi/css/flag-icon-css/flags/4x3/tv.svg]
[duereview.readyplanet.site/modules/flexi/css/flag-icon-css/flags/1x1/tv.svg]
[duereview.readyplanet.site/modules/flexi/css/flag-icon-css/flags/4x3/tw.svg]
[duereview.readyplanet.site/modules/flexi/css/flag-icon-css/flags/1x1/tw.svg]
[duereview.readyplanet.site/modules/flexi/css/flag-icon-css/flags/4x3/tz.svg]
[duereview.readyplanet.site/modules/flexi/css/flag-icon-css/flags/1x1/tz.svg]
[duereview.readyplanet.site/modules/flexi/css/flag-icon-css/flags/4x3/ua.svg]
[duereview.readyplanet.site/modules/flexi/css/flag-icon-css/flags/1x1/ua.svg]
[duereview.readyplanet.site/modules/flexi/css/flag-icon-css/flags/4x3/ug.svg]
[duereview.readyplanet.site/modules/flexi/css/flag-icon-css/flags/1x1/ug.svg]
[duereview.readyplanet.site/modules/flexi/css/flag-icon-css/flags/4x3/um.svg]
[duereview.readyplanet.site/modules/flexi/css/flag-icon-css/flags/1x1/um.svg]
[duereview.readyplanet.site/modules/flexi/css/flag-icon-css/flags/4x3/us.svg]
[duereview.readyplanet.site/modules/flexi/css/flag-icon-css/flags/1x1/us.svg]
[duereview.readyplanet.site/modules/flexi/css/flag-icon-css/flags/4x3/uy.svg]
[duereview.readyplanet.site/modules/flexi/css/flag-icon-css/flags/1x1/uy.svg]
[duereview.readyplanet.site/modules/flexi/css/flag-icon-css/flags/4x3/uz.svg]
[duereview.readyplanet.site/modules/flexi/css/flag-icon-css/flags/1x1/uz.svg]
[duereview.readyplanet.site/modules/flexi/css/flag-icon-css/flags/4x3/va.svg]
[duereview.readyplanet.site/modules/flexi/css/flag-icon-css/flags/1x1/va.svg]
[duereview.readyplanet.site/modules/flexi/css/flag-icon-css/flags/4x3/vc.svg]
[duereview.readyplanet.site/modules/flexi/css/flag-icon-css/flags/1x1/vc.svg]
[duereview.readyplanet.site/modules/flexi/css/flag-icon-css/flags/4x3/ve.svg]
[duereview.readyplanet.site/modules/flexi/css/flag-icon-css/flags/1x1/ve.svg]
[duereview.readyplanet.site/modules/flexi/css/flag-icon-css/flags/4x3/vg.svg]
[duereview.readyplanet.site/modules/flexi/css/flag-icon-css/flags/1x1/vg.svg]
[duereview.readyplanet.site/modules/flexi/css/flag-icon-css/flags/4x3/vi.svg]
[duereview.readyplanet.site/modules/flexi/css/flag-icon-css/flags/1x1/vi.svg]
[duereview.readyplanet.site/modules/flexi/css/flag-icon-css/flags/4x3/vn.svg]
[duereview.readyplanet.site/modules/flexi/css/flag-icon-css/flags/1x1/vn.svg]
[duereview.readyplanet.site/modules/flexi/css/flag-icon-css/flags/4x3/vu.svg]
[duereview.readyplanet.site/modules/flexi/css/flag-icon-css/flags/1x1/vu.svg]
[duereview.readyplanet.site/modules/flexi/css/flag-icon-css/flags/4x3/wf.svg]
[duereview.readyplanet.site/modules/flexi/css/flag-icon-css/flags/1x1/wf.svg]
[duereview.readyplanet.site/modules/flexi/css/flag-icon-css/flags/4x3/ws.svg]
[duereview.readyplanet.site/modules/flexi/css/flag-icon-css/flags/1x1/ws.svg]
[duereview.readyplanet.site/modules/flexi/css/flag-icon-css/flags/4x3/ye.svg]
[duereview.readyplanet.site/modules/flexi/css/flag-icon-css/flags/1x1/ye.svg]
[duereview.readyplanet.site/modules/flexi/css/flag-icon-css/flags/4x3/yt.svg]
[duereview.readyplanet.site/modules/flexi/css/flag-icon-css/flags/1x1/yt.svg]
[duereview.readyplanet.site/modules/flexi/css/flag-icon-css/flags/4x3/za.svg]
[duereview.readyplanet.site/modules/flexi/css/flag-icon-css/flags/1x1/za.svg]
[duereview.readyplanet.site/modules/flexi/css/flag-icon-css/flags/4x3/zm.svg]
[duereview.readyplanet.site/modules/flexi/css/flag-icon-css/flags/1x1/zm.svg]
[duereview.readyplanet.site/modules/flexi/css/flag-icon-css/flags/4x3/zw.svg]
[duereview.readyplanet.site/modules/flexi/css/flag-icon-css/flags/1x1/zw.svg]
[duereview.readyplanet.site/modules/flexi/css/flag-icon-css/flags/4x3/es-ct.svg]
[duereview.readyplanet.site/modules/flexi/css/flag-icon-css/flags/1x1/es-ct.svg]
[duereview.readyplanet.site/modules/flexi/css/flag-icon-css/flags/4x3/eu.svg]
[duereview.readyplanet.site/modules/flexi/css/flag-icon-css/flags/1x1/eu.svg]
[duereview.readyplanet.site/modules/flexi/css/flag-icon-css/flags/4x3/gb-eng.svg]
[duereview.readyplanet.site/modules/flexi/css/flag-icon-css/flags/1x1/gb-eng.svg]
[duereview.readyplanet.site/modules/flexi/css/flag-icon-css/flags/4x3/gb-nir.svg]
[duereview.readyplanet.site/modules/flexi/css/flag-icon-css/flags/1x1/gb-nir.svg]
[duereview.readyplanet.site/modules/flexi/css/flag-icon-css/flags/4x3/gb-sct.svg]
[duereview.readyplanet.site/modules/flexi/css/flag-icon-css/flags/1x1/gb-sct.svg]
[duereview.readyplanet.site/modules/flexi/css/flag-icon-css/flags/4x3/gb-wls.svg]
[duereview.readyplanet.site/modules/flexi/css/flag-icon-css/flags/1x1/gb-wls.svg]
[duereview.readyplanet.site/modules/flexi/css/flag-icon-css/flags/4x3/un.svg]
[duereview.readyplanet.site/modules/flexi/css/flag-icon-css/flags/1x1/un.svg]
[duereview.readyplanet.site/modules/flexi/css/flag-icon-css/flags/4x3/xk.svg]
[duereview.readyplanet.site/modules/flexi/css/flag-icon-css/flags/1x1/xk.svg]
[duereview.readyplanet.site/modules/flexi/ready_template/dynamic_css/dynamic_cssbfc2.css]
[duereview.readyplanet.site/modules/flexi/ready_template/dynamic_css/dynamic_css8eaf.css]
[duereview.readyplanet.site/modules/flexi/ready_template/dynamic_css/dynamic_cssbce6.css]
[duereview.readyplanet.site/modules/flexi/css/product-category5e03.css]
[duereview.readyplanet.site/modules/flexi/ready_template/dynamic_css/dynamic_cssca88.css]
[duereview.readyplanet.site/images/favicons/faviconf78f.png]
[duereview.readyplanet.site/images/favicons/favicon60f78f.png]
[duereview.readyplanet.site/images/favicons/favicon76f78f.png]
[duereview.readyplanet.site/images/favicons/favicon120f78f.png]
[duereview.readyplanet.site/images/favicons/favicon152f78f.png]
[duereview.readyplanet.site/modules/flexi/ready_template/dynamic_css/dynamic_csscd65.css]
[cdn.omise.co/omise.js]
[s3-ap-southeast-1.amazonaws.com/static.readyplanet.net/rpshop-cart/lastest/static/js/manifest5e03.js]
[s3-ap-southeast-1.amazonaws.com/static.readyplanet.net/rpshop-cart/lastest/static/js/vendor5e03.js]
[s3-ap-southeast-1.amazonaws.com/static.readyplanet.net/rpshop-cart/lastest/static/js/app5e03.js]
[duereview.readyplanet.site/category/0.html]
[duereview.readyplanet.site/images/favicons/favicone878.png]
[www.paypalobjects.com/api/checkout.js]
[duereview.readyplanet.site/images/favicons/favicon60e878.png]
[duereview.readyplanet.site/images/favicons/favicon76e878.png]
[duereview.readyplanet.site/images/favicons/favicon120e878.png]
[duereview.readyplanet.site/images/favicons/favicon152e878.png]
[duereview.readyplanet.site/modules/flexi/css/product-detail5e03.css]
[duereview.readyplanet.site/modules/flexi/ready_template/dynamic_css/dynamic_cssf9ad.css]
[duereview.readyplanet.site/modules/flexi/js/velaeasy/product.min5e03.js]
[duereview.readyplanet.site/product/static-cat0Product4.html]
[duereview.readyplanet.site/images/favicons/favicon47d6.png]
[duereview.readyplanet.site/images/favicons/favicon6047d6.png]
[duereview.readyplanet.site/images/favicons/favicon7647d6.png]
[duereview.readyplanet.site/images/favicons/favicon12047d6.png]
[duereview.readyplanet.site/images/favicons/favicon15247d6.png]
[duereview.readyplanet.site/modules/flexi/ready_template/dynamic_css/dynamic_cssea38.css]
[duereview.readyplanet.site/product/static-cat0Product3.html]
[duereview.readyplanet.site/images/favicons/favicon0b81.png]
[duereview.readyplanet.site/images/favicons/favicon600b81.png]
[duereview.readyplanet.site/images/favicons/favicon760b81.png]
[duereview.readyplanet.site/images/favicons/favicon1200b81.png]
[duereview.readyplanet.site/images/favicons/favicon1520b81.png]
[duereview.readyplanet.site/modules/flexi/ready_template/dynamic_css/dynamic_css32b3.css]
[duereview.readyplanet.site/product/static-cat0Product2.html]
[duereview.readyplanet.site/images/favicons/favicon6eff.png]
[duereview.readyplanet.site/images/favicons/favicon606eff.png]
[duereview.readyplanet.site/images/favicons/favicon766eff.png]
[duereview.readyplanet.site/images/favicons/favicon1206eff.png]
[duereview.readyplanet.site/images/favicons/favicon1526eff.png]
[duereview.readyplanet.site/modules/flexi/ready_template/dynamic_css/dynamic_css42b2.css]
[duereview.readyplanet.site/product/static-cat0Product1.html]
[duereview.readyplanet.site/modules/flexi/ready_template/fonts/Lobster-webfont.ttf]
[duereview.readyplanet.site/modules/flexi/ready_template/fonts/Lobster-webfontd41d.eot]
[duereview.readyplanet.site/modules/flexi/ready_template/fonts/Lobster-webfont.woff]
[duereview.readyplanet.site/modules/flexi/ready_template/dynamic_css/dynamic_csscd65.css]
[s3-ap-southeast-1.amazonaws.com/static.readyplanet.net/rpshop-cart/lastest/static/css/app.css]
[duereview.readyplanet.site/category/Custom Array.prototype.toJSON is causing incorrect json serialization of arrays. This is likely to cause issues. Probable cause is Prototype.html]
[duereview.readyplanet.site/category/paypal.checkout.v4.html]
[www.paypalobjects.com/api/button.js]
[duereview.readyplanet.site/category/GET.html]
[www.paypalobjects.com/api/checkout.js]
[duereview.readyplanet.site/modules/flexi/css/product-detail5e03.css]
[duereview.readyplanet.site/modules/flexi/ready_template/dynamic_css/dynamic_cssf9ad.css]
[duereview.readyplanet.site/modules/flexi/ready_template/dynamic_css/dynamic_cssea38.css]
[duereview.readyplanet.site/modules/flexi/ready_template/dynamic_css/dynamic_css32b3.css]
[duereview.readyplanet.site/modules/flexi/ready_template/dynamic_css/dynamic_css42b2.css]
[duereview.readyplanet.site/images/favicons/faviconee44.png]
[duereview.readyplanet.site/images/favicons/favicon60ee44.png]
[duereview.readyplanet.site/images/favicons/favicon76ee44.png]
[duereview.readyplanet.site/images/favicons/favicon120ee44.png]
[duereview.readyplanet.site/images/favicons/favicon152ee44.png]
[duereview.readyplanet.site/product/Custom+Array.prototype.toJSON+is+causing+incorrect+json+serialization+of+arrays.+This+is+likely+to+cause+issues.+Probable+cause+is+Prototype.html]
[duereview.readyplanet.site/modules/flexi/ready_template/dynamic_css/dynamic_css55bf.css]
[duereview.readyplanet.site/category/Custom Array.prototype.toJSON is causing incorrect json serialization of arrays. This is likely to cause issues. Probable cause is Prototype.html]
[duereview.readyplanet.site/demo/checkout/api/braintree/client-token/index.html]
[duereview.readyplanet.site/images/favicons/favicon6255.png]
[duereview.readyplanet.site/images/favicons/favicon606255.png]
[duereview.readyplanet.site/images/favicons/favicon766255.png]
[duereview.readyplanet.site/images/favicons/favicon1206255.png]
[duereview.readyplanet.site/images/favicons/favicon1526255.png]
[duereview.readyplanet.site/category/paypal.checkout.v4.html]
[duereview.readyplanet.site/base/test/windows/checkout/indexb46d.html]
[duereview.readyplanet.site/demo/dev/checkout.html]
[duereview.readyplanet.site/base/test/windows/checkout/index965f.html]
[duereview.readyplanet.site/demo/dev/guest.html]
[duereview.readyplanet.site/base/test/windows/checkout/indexbfdd.html]
[duereview.readyplanet.site/base/test/windows/button/index.html]
[duereview.readyplanet.site/demo/dev/button.html]
[duereview.readyplanet.site/base/test/windows/card-fields/index.html]
[duereview.readyplanet.site/demo/dev/card.html]
[duereview.readyplanet.site/base/test/windows/component-meta/index.html]
[duereview.readyplanet.site/demo/dev/bridge.html]
[duereview.readyplanet.site/product/paypal.checkout.v4.html]
[www.paypalobjects.com/api/button.js]
[duereview.readyplanet.site/base/test/lib/button.html]
[duereview.readyplanet.site/images/favicons/favicon6ded.png]
[duereview.readyplanet.site/images/favicons/favicon606ded.png]
[duereview.readyplanet.site/images/favicons/favicon766ded.png]
[duereview.readyplanet.site/images/favicons/favicon1206ded.png]
[duereview.readyplanet.site/images/favicons/favicon1526ded.png]
[duereview.readyplanet.site/category/GET.html]
[duereview.readyplanet.site/images/favicons/faviconeea8.png]
[duereview.readyplanet.site/images/favicons/favicon60eea8.png]
[duereview.readyplanet.site/images/favicons/favicon76eea8.png]
[duereview.readyplanet.site/images/favicons/favicon120eea8.png]
[duereview.readyplanet.site/images/favicons/favicon152eea8.png]
[duereview.readyplanet.site/modules/flexi/ready_template/dynamic_css/dynamic_css8b73.css]
[duereview.readyplanet.site/product/Custom+Array.prototype.toJSON+is+causing+incorrect+json+serialization+of+arrays.+This+is+likely+to+cause+issues.+Probable+cause+is+Prototype.html]
[duereview.readyplanet.site/modules/flexi/ready_template/dynamic_css/dynamic_css55bf.css]
[duereview.readyplanet.site/images/favicons/favicon8d39.png]
[duereview.readyplanet.site/images/favicons/favicon608d39.png]
[duereview.readyplanet.site/images/favicons/favicon768d39.png]
[duereview.readyplanet.site/images/favicons/favicon1208d39.png]
[duereview.readyplanet.site/images/favicons/favicon1528d39.png]
[duereview.readyplanet.site/product/paypal.checkout.v4.html]
[duereview.readyplanet.site/modules/flexi/ready_template/dynamic_css/dynamic_css8b73.css]
